srun -N 10 -C haswell -c 64 -A desi /global/homes/c/cramirez/Codes/CoLoRe/CoLoRe param.cfg
